Archive member included to satisfy reference by file (symbol)

/usr/share/segger_embedded_studio_for_arm_3.34a/lib/libc_v6m_t_le_eabi.a(libc2_asm.o)
                              Output/blinky_pca10028_s130 nrf51422_xxac/Obj/SEGGER_RTT.o (memcpy)
/usr/share/segger_embedded_studio_for_arm_3.34a/lib/libdebugio_v6m_t_le_eabi.a(libdebugio.o)
                              Output/blinky_pca10028_s130 nrf51422_xxac/Obj/thumb_crt0.o (debug_fopen)
/usr/share/segger_embedded_studio_for_arm_3.34a/lib/libdebugio_mempoll_v6m_t_le_eabi.a(mempoll_debug_operations.o)
                              /usr/share/segger_embedded_studio_for_arm_3.34a/lib/libdebugio_v6m_t_le_eabi.a(libdebugio.o) (__do_debug_operation)
/usr/share/segger_embedded_studio_for_arm_3.34a/lib/libdebugio_mempoll_v6m_t_le_eabi.a(do_nv_debug_operation.o)
                              /usr/share/segger_embedded_studio_for_arm_3.34a/lib/libdebugio_v6m_t_le_eabi.a(libdebugio.o) (__do_nvdebug_operation)
/usr/share/segger_embedded_studio_for_arm_3.34a/lib/libm_v6m_t_le_eabi.a(libm_asm.o)
                              /usr/share/segger_embedded_studio_for_arm_3.34a/lib/libvfscanf_v6m_t_le_eabi.o (__aeabi_i2d)
/usr/share/segger_embedded_studio_for_arm_3.34a/lib/libm_v6m_t_le_eabi.a(libm2.o)
                              /usr/share/segger_embedded_studio_for_arm_3.34a/lib/libvfprintf_v6m_t_le_eabi.o (frexp)
/usr/share/segger_embedded_studio_for_arm_3.34a/lib/libm_v6m_t_le_eabi.a(libm2_asm.o)
                              /usr/share/segger_embedded_studio_for_arm_3.34a/lib/libm_v6m_t_le_eabi.a(libm2.o) (fabs)
/usr/share/segger_embedded_studio_for_arm_3.34a/lib/libc_v6m_t_le_eabi.a(libc_asm.o)
                              /usr/share/segger_embedded_studio_for_arm_3.34a/lib/libvfprintf_v6m_t_le_eabi.o (__aeabi_uldivmod)
/usr/share/segger_embedded_studio_for_arm_3.34a/lib/libc_v6m_t_le_eabi.a(libc2.o)
                              /usr/share/segger_embedded_studio_for_arm_3.34a/lib/libvfscanf_v6m_t_le_eabi.o (__getc)

Discarded input sections

 .text          0x0000000000000000        0x0 Output/blinky_pca10028_s130 nrf51422_xxac/Obj/thumb_crt0.o
 .data          0x0000000000000000        0x0 Output/blinky_pca10028_s130 nrf51422_xxac/Obj/thumb_crt0.o
 .bss           0x0000000000000000        0x0 Output/blinky_pca10028_s130 nrf51422_xxac/Obj/thumb_crt0.o
 .text.__aeabi_read_tp
                0x0000000000000000        0x8 Output/blinky_pca10028_s130 nrf51422_xxac/Obj/thumb_crt0.o
 .text.__heap_lock
                0x0000000000000000        0x2 Output/blinky_pca10028_s130 nrf51422_xxac/Obj/thumb_crt0.o
 .text.__heap_unlock
                0x0000000000000000        0x2 Output/blinky_pca10028_s130 nrf51422_xxac/Obj/thumb_crt0.o
 .text.__printf_lock
                0x0000000000000000        0x2 Output/blinky_pca10028_s130 nrf51422_xxac/Obj/thumb_crt0.o
 .text.__printf_unlock
                0x0000000000000000        0x2 Output/blinky_pca10028_s130 nrf51422_xxac/Obj/thumb_crt0.o
 .text.__scanf_lock
                0x0000000000000000        0x2 Output/blinky_pca10028_s130 nrf51422_xxac/Obj/thumb_crt0.o
 .text.__scanf_unlock
                0x0000000000000000        0x2 Output/blinky_pca10028_s130 nrf51422_xxac/Obj/thumb_crt0.o
 .text.__debug_io_lock
                0x0000000000000000        0x2 Output/blinky_pca10028_s130 nrf51422_xxac/Obj/thumb_crt0.o
 .text.__debug_io_unlock
                0x0000000000000000        0x2 Output/blinky_pca10028_s130 nrf51422_xxac/Obj/thumb_crt0.o
 .text.abort    0x0000000000000000        0x2 Output/blinky_pca10028_s130 nrf51422_xxac/Obj/thumb_crt0.o
 .text.__assert
                0x0000000000000000        0x2 Output/blinky_pca10028_s130 nrf51422_xxac/Obj/thumb_crt0.o
 .text.__aeabi_assert
                0x0000000000000000        0x2 Output/blinky_pca10028_s130 nrf51422_xxac/Obj/thumb_crt0.o
 .text.__cxa_pure_virtual
                0x0000000000000000        0x2 Output/blinky_pca10028_s130 nrf51422_xxac/Obj/thumb_crt0.o
 .text.__cxa_guard_acquire
                0x0000000000000000       0x10 Output/blinky_pca10028_s130 nrf51422_xxac/Obj/thumb_crt0.o
 .text.__cxa_guard_release
                0x0000000000000000        0x6 Output/blinky_pca10028_s130 nrf51422_xxac/Obj/thumb_crt0.o
 .text.__cxa_guard_abort
                0x0000000000000000        0x2 Output/blinky_pca10028_s130 nrf51422_xxac/Obj/thumb_crt0.o
 .text.__sync_synchronize
                0x0000000000000000        0x2 Output/blinky_pca10028_s130 nrf51422_xxac/Obj/thumb_crt0.o
 .text.__getchar
                0x0000000000000000       0x10 Output/blinky_pca10028_s130 nrf51422_xxac/Obj/thumb_crt0.o
 .text.__putchar
                0x0000000000000000       0x10 Output/blinky_pca10028_s130 nrf51422_xxac/Obj/thumb_crt0.o
 .text.__open   0x0000000000000000       0x10 Output/blinky_pca10028_s130 nrf51422_xxac/Obj/thumb_crt0.o
 .text.__close  0x0000000000000000       0x10 Output/blinky_pca10028_s130 nrf51422_xxac/Obj/thumb_crt0.o
[...]
Memory Configuration

Name             Origin             Length             Attributes
UNPLACED_SECTIONS 0x0000000100000000 0x0000000000000000 xw
FLASH            0x0000000000000000 0x0000000000040000 xr
SRAM             0x0000000020000000 0x0000000000008000 xw
*default*        0x0000000000000000 0xffffffffffffffff

Linker script and memory map

                0x0000000000000000                __vfprintf = __vfprintf_int_nwp
                0x0000000000000000                __vfscanf = __vfscanf_int
                0x0000000000000000                __FLASH_segment_start__ = 0x0
                0x0000000000040000                __FLASH_segment_end__ = 0x40000
                0x0000000000040000                __FLASH_segment_size__ = 0x40000
                0x0000000020000000                __SRAM_segment_start__ = 0x20000000
                0x0000000020008000                __SRAM_segment_end__ = 0x20008000
                0x0000000000008000                __SRAM_segment_size__ = 0x8000
                0x0000000000000400                __HEAPSIZE__ = 0x400
                0x0000000000000000                __STACKSIZE_ABT__ = 0x0
                0x0000000000000000                __STACKSIZE_FIQ__ = 0x0
                0x0000000000000000                __STACKSIZE_IRQ__ = 0x0
                0x0000000000000000                __STACKSIZE_PROCESS__ = 0x0
                0x0000000000000000                __STACKSIZE_SVC__ = 0x0
                0x0000000000000000                __STACKSIZE_UND__ = 0x0
                0x0000000000000400                __STACKSIZE__ = 0x400
                0x0000000020000000                __vectors_ram_load_start__ = ALIGN (__SRAM_segment_start__, 0x100)

.vectors_ram    0x0000000020000000        0x0
                0x0000000020000000                __vectors_ram_start__ = .
 *(.vectors_ram .vectors_ram.*)
                0x0000000020000000                __vectors_ram_end__ = (__vectors_ram_start__ + SIZEOF (.vectors_ram))
                0x0000000000000000                __vectors_ram_size__ = SIZEOF (.vectors_ram)
                0x0000000020000000                __vectors_ram_load_end__ = __vectors_ram_end__
                0x0000000000000001                . = ASSERT (((__vectors_ram_start__ == __vectors_ram_end__) || ((__vectors_ram_end__ >= __SRAM_segment_start__) && (__vectors_ram_end__ <= __SRAM_segment_end__))), error: .vectors_ram is too large to fit in SRAM memory segment)
                0x0000000000000000                __vectors_load_start__ = ALIGN (__FLASH_segment_start__, 0x100)

.vectors        0x0000000000000000       0xc0
                0x0000000000000000                __vectors_start__ = .
 *(.vectors .vectors.*)
 .vectors       0x0000000000000000       0xc0 Output/blinky_pca10028_s130 nrf51422_xxac/Obj/3324.ses_nrf51_startup.o
                0x0000000000000000                _vectors
                0x00000000000000c0                __vectors_end__ = (__vectors_start__ + SIZEOF (.vectors))
                0x00000000000000c0                __vectors_size__ = SIZEOF (.vectors)
                0x00000000000000c0                __vectors_load_end__ = __vectors_end__
                0x0000000000000001                . = ASSERT (((__vectors_start__ == __vectors_end__) || ((__vectors_end__ >= __FLASH_segment_start__) && (__vectors_end__ <= __FLASH_segment_end__))), error: .vectors is too large to fit in FLASH memory segment)
                0x00000000000000c0                __init_load_start__ = ALIGN (__vectors_end__, 0x4)

.init           0x00000000000000c0      0x1d4
                0x00000000000000c0                __init_start__ = .
 *(.init .init.*)
 .init          0x00000000000000c0      0x16c Output/blinky_pca10028_s130 nrf51422_xxac/Obj/thumb_crt0.o
                0x00000000000000c0                _start
                0x000000000000017c                exit
 .init          0x000000000000022c       0x68 Output/blinky_pca10028_s130 nrf51422_xxac/Obj/3324.ses_nrf51_startup.o
                0x000000000000022c                NMI_Handler
                0x000000000000022e                HardFault_Handler
                0x0000000000000230                SVC_Handler
                0x0000000000000232                PendSV_Handler
                0x0000000000000234                SysTick_Handler
                0x0000000000000238                RADIO_IRQHandler
                0x000000000000023c                SPI0_TWI0_IRQHandler
                0x000000000000023e                SPI1_TWI1_IRQHandler
                0x0000000000000240                GPIOTE_IRQHandler
                0x0000000000000242                ADC_IRQHandler
                0x0000000000000244                TIMER0_IRQHandler
                0x0000000000000246                TIMER1_IRQHandler
                0x0000000000000248                TIMER2_IRQHandler
                0x000000000000024a                RTC0_IRQHandler
                0x000000000000024c                TEMP_IRQHandler
                0x000000000000024e                RNG_IRQHandler
                0x0000000000000250                ECB_IRQHandler
                0x0000000000000252                CCM_AAR_IRQHandler
                0x0000000000000254                WDT_IRQHandler
                0x0000000000000258                QDEC_IRQHandler
                0x000000000000025a                LPCOMP_IRQHandler
                0x000000000000025e                SWI1_IRQHandler
                0x0000000000000262                SWI3_IRQHandler
                0x0000000000000264                SWI4_IRQHandler
                0x0000000000000266                SWI5_IRQHandler
                0x0000000000000268                reset_handler
                0x0000000000000294                __init_end__ = (__init_start__ + SIZEOF (.init))
                0x00000000000001d4                __init_size__ = SIZEOF (.init)
                0x0000000000000294                __init_load_end__ = __init_end__
                0x0000000000000001                . = ASSERT (((__init_start__ == __init_end__) || ((__init_end__ >= __FLASH_segment_start__) && (__init_end__ <= __FLASH_segment_end__))), error: .init is too large to fit in FLASH memory segment)
                0x0000000000000294                __init_rodata_load_start__ = ALIGN (__init_end__, 0x4)

.init_rodata    0x0000000000000294        0x0
                0x0000000000000294                __init_rodata_start__ = .
 *(.init_rodata .init_rodata.*)
                0x0000000000000294                __init_rodata_end__ = (__init_rodata_start__ + SIZEOF (.init_rodata))
                0x0000000000000000                __init_rodata_size__ = SIZEOF (.init_rodata)
                0x0000000000000294                __init_rodata_load_end__ = __init_rodata_end__
                0x0000000000000001                . = ASSERT (((__init_rodata_start__ == __init_rodata_end__) || ((__init_rodata_end__ >= __FLASH_segment_start__) && (__init_rodata_end__ <= __FLASH_segment_end__))), error: .init_rodata is too large to fit in FLASH memory segment)
                0x0000000000000294                __text_load_start__ = ALIGN (__init_rodata_end__, 0x4)

.text           0x0000000000000294     0x14a8
                0x0000000000000294                __text_start__ = .
 *(.text .text.* .glue_7t .glue_7 .gnu.linkonce.t.* .gcc_except_table .ARM.extab* .gnu.linkonce.armextab.*)
 .glue_7        0x0000000000000294        0x0 linker stubs
 .glue_7t       0x0000000000000294        0x0 linker stubs
 .text.SystemInit
                0x0000000000000294       0x70 Output/blinky_pca10028_s130 nrf51422_xxac/Obj/system_nrf51.o
                0x0000000000000294                SystemInit
 .text.is_manual_peripheral_setup_needed
                0x0000000000000304       0x78 Output/blinky_pca10028_s130 nrf51422_xxac/Obj/system_nrf51.o
 .text.is_disabled_in_debug_needed
                0x000000000000037c       0x48 Output/blinky_pca10028_s130 nrf51422_xxac/Obj/system_nrf51.o
 .text.is_peripheral_domain_setup_needed
                0x00000000000003c4       0x60 Output/blinky_pca10028_s130 nrf51422_xxac/Obj/system_nrf51.o
 .text.nrf_delay_us
                0x0000000000000424       0x40 Output/blinky_pca10028_s130 nrf51422_xxac/Obj/main.o
 .text.nrf_delay_ms
                0x0000000000000464       0x1a Output/blinky_pca10028_s130 nrf51422_xxac/Obj/main.o
 .text.main     0x000000000000047e       0x2e Output/blinky_pca10028_s130 nrf51422_xxac/Obj/main.o
                0x000000000000047e                main
 .text.nrf_gpio_pin_port_decode
                0x00000000000004ac        0xe Output/blinky_pca10028_s130 nrf51422_xxac/Obj/boards.o
 .text.nrf_gpio_cfg
                0x00000000000004ba       0x6c Output/blinky_pca10028_s130 nrf51422_xxac/Obj/boards.o
 .text.nrf_gpio_cfg_output
                0x0000000000000526       0x20 Output/blinky_pca10028_s130 nrf51422_xxac/Obj/boards.o
 .text.nrf_gpio_pin_set
                0x0000000000000546       0x28 Output/blinky_pca10028_s130 nrf51422_xxac/Obj/boards.o
 .text.nrf_gpio_pin_clear
                0x000000000000056e       0x28 Output/blinky_pca10028_s130 nrf51422_xxac/Obj/boards.o
 *fill*         0x0000000000000596        0x2 
 .text.nrf_gpio_pin_toggle
                0x0000000000000598       0x54 Output/blinky_pca10028_s130 nrf51422_xxac/Obj/boards.o
 .text.nrf_gpio_pin_write
                0x00000000000005ec       0x26 Output/blinky_pca10028_s130 nrf51422_xxac/Obj/boards.o
 .text.nrf_gpio_port_out_set
                0x0000000000000612       0x16 Output/blinky_pca10028_s130 nrf51422_xxac/Obj/boards.o
 .text.nrf_gpio_port_out_clear
                0x0000000000000628       0x18 Output/blinky_pca10028_s130 nrf51422_xxac/Obj/boards.o
 .text.bsp_board_led_off
                0x0000000000000640       0x20 Output/blinky_pca10028_s130 nrf51422_xxac/Obj/boards.o
                0x0000000000000640                bsp_board_led_off
 .text.bsp_board_leds_off
                0x0000000000000660       0x24 Output/blinky_pca10028_s130 nrf51422_xxac/Obj/boards.o
                0x0000000000000660                bsp_board_leds_off
 .text.bsp_board_led_invert
                0x0000000000000684       0x20 Output/blinky_pca10028_s130 nrf51422_xxac/Obj/boards.o
                0x0000000000000684                bsp_board_led_invert
 .text.bsp_board_leds_init
                0x00000000000006a4       0x34 Output/blinky_pca10028_s130 nrf51422_xxac/Obj/boards.o
                0x00000000000006a4                bsp_board_leds_init
 .text.nrf_clock_int_disable
                0x00000000000006d8       0x16 Output/blinky_pca10028_s130 nrf51422_xxac/Obj/nrf_drv_clock.o
 .text.nrf_clock_event_clear
                0x00000000000006ee       0x22 Output/blinky_pca10028_s130 nrf51422_xxac/Obj/nrf_drv_clock.o
 .text.nrf_clock_event_check
                0x0000000000000710       0x26 Output/blinky_pca10028_s130 nrf51422_xxac/Obj/nrf_drv_clock.o
 .text.item_dequeue
                0x0000000000000736       0x20 Output/blinky_pca10028_s130 nrf51422_xxac/Obj/nrf_drv_clock.o
 *fill*         0x0000000000000756        0x2 
 .text.clock_clk_started_notify
                0x0000000000000758       0x54 Output/blinky_pca10028_s130 nrf51422_xxac/Obj/nrf_drv_clock.o
 .text.POWER_CLOCK_IRQHandler
                0x00000000000007ac       0x60 Output/blinky_pca10028_s130 nrf51422_xxac/Obj/nrf_drv_clock.o
                0x00000000000007ac                POWER_CLOCK_IRQHandler
 .text.nrf_drv_clock_on_soc_event
                0x000000000000080c       0x18 Output/blinky_pca10028_s130 nrf51422_xxac/Obj/nrf_drv_clock.o
                0x000000000000080c                nrf_drv_clock_on_soc_event
 .text.nrf_uart_event_clear
                0x0000000000000824       0x20 Output/blinky_pca10028_s130 nrf51422_xxac/Obj/nrf_drv_uart.o
 .text.nrf_uart_event_check
                0x0000000000000844       0x24 Output/blinky_pca10028_s130 nrf51422_xxac/Obj/nrf_drv_uart.o
 .text.nrf_uart_int_enable_check
                0x0000000000000868       0x1e Output/blinky_pca10028_s130 nrf51422_xxac/Obj/nrf_drv_uart.o
 .text.nrf_uart_int_disable
                0x0000000000000886       0x16 Output/blinky_pca10028_s130 nrf51422_xxac/Obj/nrf_drv_uart.o
 .text.nrf_uart_errorsrc_get_and_clear
                0x000000000000089c       0x20 Output/blinky_pca10028_s130 nrf51422_xxac/Obj/nrf_drv_uart.o
 .text.nrf_uart_rxd_get
                0x00000000000008bc       0x14 Output/blinky_pca10028_s130 nrf51422_xxac/Obj/nrf_drv_uart.o
 .text.nrf_uart_txd_set
                0x00000000000008d0       0x24 Output/blinky_pca10028_s130 nrf51422_xxac/Obj/nrf_drv_uart.o
 .text.nrf_uart_task_trigger
                0x00000000000008f4       0x20 Output/blinky_pca10028_s130 nrf51422_xxac/Obj/nrf_drv_uart.o
 .text.tx_byte  0x0000000000000914       0x4e Output/blinky_pca10028_s130 nrf51422_xxac/Obj/nrf_drv_uart.o
 .text.rx_byte  0x0000000000000962       0x60 Output/blinky_pca10028_s130 nrf51422_xxac/Obj/nrf_drv_uart.o
 .text.rx_done_event
                0x00000000000009c2       0x3a Output/blinky_pca10028_s130 nrf51422_xxac/Obj/nrf_drv_uart.o
 .text.tx_done_event
                0x00000000000009fc       0x40 Output/blinky_pca10028_s130 nrf51422_xxac/Obj/nrf_drv_uart.o
 .text.uart_irq_handler
                0x0000000000000a3c      0x20a Output/blinky_pca10028_s130 nrf51422_xxac/Obj/nrf_drv_uart.o
 *fill*         0x0000000000000c46        0x2 
 .text.UART0_IRQHandler
                0x0000000000000c48       0x1c Output/blinky_pca10028_s130 nrf51422_xxac/Obj/nrf_drv_uart.o
                0x0000000000000c48                UART0_IRQHandler
 .text.app_error_handler_bare
                0x0000000000000c64       0x30 Output/blinky_pca10028_s130 nrf51422_xxac/Obj/app_error.o
                0x0000000000000c64                app_error_handler_bare
 .text.NVIC_SystemReset
                0x0000000000000c94       0x1c Output/blinky_pca10028_s130 nrf51422_xxac/Obj/app_error_weak.o
 .text.app_error_fault_handler
                0x0000000000000cb0       0x14 Output/blinky_pca10028_s130 nrf51422_xxac/Obj/app_error_weak.o
                0x0000000000000cb0                app_error_fault_handler
 .text.NVIC_EnableIRQ
                0x0000000000000cc4       0x2c Output/blinky_pca10028_s130 nrf51422_xxac/Obj/app_timer.o
 .text.NVIC_DisableIRQ
                0x0000000000000cf0       0x2c Output/blinky_pca10028_s130 nrf51422_xxac/Obj/app_timer.o
 .text.NVIC_SetPendingIRQ
                0x0000000000000d1c       0x2c Output/blinky_pca10028_s130 nrf51422_xxac/Obj/app_timer.o
 .text.NVIC_ClearPendingIRQ
                0x0000000000000d48       0x2c Output/blinky_pca10028_s130 nrf51422_xxac/Obj/app_timer.o
 .text.nrf_delay_us
                0x0000000000000d74       0x40 Output/blinky_pca10028_s130 nrf51422_xxac/Obj/app_timer.o
 .text.rtc1_start
                0x0000000000000db4       0x44 Output/blinky_pca10028_s130 nrf51422_xxac/Obj/app_timer.o
 .text.rtc1_stop
                0x0000000000000df8       0x54 Output/blinky_pca10028_s130 nrf51422_xxac/Obj/app_timer.o
 .text.rtc1_counter_get
                0x0000000000000e4c       0x14 Output/blinky_pca10028_s130 nrf51422_xxac/Obj/app_timer.o
 .text.ticks_diff_get
                0x0000000000000e60       0x16 Output/blinky_pca10028_s130 nrf51422_xxac/Obj/app_timer.o
 *fill*         0x0000000000000e76        0x2 
 .text.rtc1_compare0_set
                0x0000000000000e78       0x18 Output/blinky_pca10028_s130 nrf51422_xxac/Obj/app_timer.o
 .text.timer_list_insert
                0x0000000000000e90       0xac Output/blinky_pca10028_s130 nrf51422_xxac/Obj/app_timer.o
 .text.timer_list_remove
                0x0000000000000f3c       0x9c Output/blinky_pca10028_s130 nrf51422_xxac/Obj/app_timer.o
 .text.timer_timeouts_check_sched
                0x0000000000000fd8        0xc Output/blinky_pca10028_s130 nrf51422_xxac/Obj/app_timer.o
 .text.timer_list_handler_sched
                0x0000000000000fe4        0xc Output/blinky_pca10028_s130 nrf51422_xxac/Obj/app_timer.o
 .text.timeout_handler_exec
                0x0000000000000ff0       0x4c Output/blinky_pca10028_s130 nrf51422_xxac/Obj/app_timer.o
 .text.timer_timeouts_check
                0x000000000000103c       0xc8 Output/blinky_pca10028_s130 nrf51422_xxac/Obj/app_timer.o
 .text.elapsed_ticks_acquire
                0x0000000000001104       0x78 Output/blinky_pca10028_s130 nrf51422_xxac/Obj/app_timer.o
 .text.list_deletions_handler
                0x000000000000117c       0xb4 Output/blinky_pca10028_s130 nrf51422_xxac/Obj/app_timer.o
 .text.expired_timers_handler
                0x0000000000001230       0x94 Output/blinky_pca10028_s130 nrf51422_xxac/Obj/app_timer.o
 .text.list_insertions_handler
                0x00000000000012c4      0x15c Output/blinky_pca10028_s130 nrf51422_xxac/Obj/app_timer.o
 .text.compare_reg_update
                0x0000000000001420       0xc0 Output/blinky_pca10028_s130 nrf51422_xxac/Obj/app_timer.o
 .text.timer_list_handler
                0x00000000000014e0       0x8c Output/blinky_pca10028_s130 nrf51422_xxac/Obj/app_timer.o
 .text.RTC1_IRQHandler
                0x000000000000156c       0x4c Output/blinky_pca10028_s130 nrf51422_xxac/Obj/app_timer.o
                0x000000000000156c                RTC1_IRQHandler
 .text.SWI0_IRQHandler
                0x00000000000015b8        0xa Output/blinky_pca10028_s130 nrf51422_xxac/Obj/app_timer.o
                0x00000000000015b8                SWI0_IRQHandler
 .text.sd_evt_get
                0x00000000000015c2        0x8 Output/blinky_pca10028_s130 nrf51422_xxac/Obj/softdevice_handler.o
 .text.sd_ble_evt_get
                0x00000000000015ca        0x8 Output/blinky_pca10028_s130 nrf51422_xxac/Obj/softdevice_handler.o
 *fill*         0x00000000000015d2        0x2 
 .text.intern_softdevice_events_execute
                0x00000000000015d4      0x130 Output/blinky_pca10028_s130 nrf51422_xxac/Obj/softdevice_handler.o
                0x00000000000015d4                intern_softdevice_events_execute
 .text.SWI2_IRQHandler
                0x0000000000001704       0x38 Output/blinky_pca10028_s130 nrf51422_xxac/Obj/softdevice_handler.o
                0x0000000000001704                SWI2_IRQHandler
                0x000000000000173c                __text_end__ = (__text_start__ + SIZEOF (.text))
                0x00000000000014a8                __text_size__ = SIZEOF (.text)
                0x000000000000173c                __text_load_end__ = __text_end__

.vfp11_veneer   0x0000000100000000        0x0
 .vfp11_veneer  0x0000000100000000        0x0 linker stubs

.v4_bx          0x0000000100000000        0x0
 .v4_bx         0x0000000100000000        0x0 linker stubs

.iplt           0x0000000100000000        0x0
 .iplt          0x0000000100000000        0x0 Output/blinky_pca10028_s130 nrf51422_xxac/Obj/thumb_crt0.o
                0x0000000000000001                . = ASSERT (((__text_start__ == __text_end__) || ((__text_end__ >= __FLASH_segment_start__) && (__text_end__ <= __FLASH_segment_end__))), error: .text is too large to fit in FLASH memory segment)
                0x000000000000173c                __dtors_load_start__ = ALIGN (__text_end__, 0x4)

.dtors          0x000000000000173c        0x0
                0x000000000000173c                __dtors_start__ = .
 *(SORT(.dtors.*))
 *(.dtors)
 *(.fini_array)
 *(SORT(.fini_array.*))
                0x000000000000173c                __dtors_end__ = (__dtors_start__ + SIZEOF (.dtors))
                0x0000000000000000                __dtors_size__ = SIZEOF (.dtors)
                0x000000000000173c                __dtors_load_end__ = __dtors_end__
                0x0000000000000001                . = ASSERT (((__dtors_start__ == __dtors_end__) || ((__dtors_end__ >= __FLASH_segment_start__) && (__dtors_end__ <= __FLASH_segment_end__))), error: .dtors is too large to fit in FLASH memory segment)
                0x000000000000173c                __ctors_load_start__ = ALIGN (__dtors_end__, 0x4)

.ctors          0x000000000000173c        0x0
                0x000000000000173c                __ctors_start__ = .
 *(SORT(.ctors.*))
 *(.ctors)
 *(.init_array)
 *(SORT(.init_array.*))
                0x000000000000173c                __ctors_end__ = (__ctors_start__ + SIZEOF (.ctors))
                0x0000000000000000                __ctors_size__ = SIZEOF (.ctors)
                0x000000000000173c                __ctors_load_end__ = __ctors_end__
                0x0000000000000001                . = ASSERT (((__ctors_start__ == __ctors_end__) || ((__ctors_end__ >= __FLASH_segment_start__) && (__ctors_end__ <= __FLASH_segment_end__))), error: .ctors is too large to fit in FLASH memory segment)
                0x000000000000173c                __rodata_load_start__ = ALIGN (__ctors_end__, 0x4)

.rodata         0x000000000000173c        0x4
                0x000000000000173c                __rodata_start__ = .
 *(.rodata .rodata.* .gnu.linkonce.r.*)
 .rodata.m_board_led_list
                0x000000000000173c        0x4 Output/blinky_pca10028_s130 nrf51422_xxac/Obj/boards.o
                0x0000000000001740                __rodata_end__ = (__rodata_start__ + SIZEOF (.rodata))
                0x0000000000000004                __rodata_size__ = SIZEOF (.rodata)
                0x0000000000001740                __rodata_load_end__ = __rodata_end__

.rel.dyn        0x0000000000000000        0x0
 .rel.iplt      0x0000000000000000        0x0 Output/blinky_pca10028_s130 nrf51422_xxac/Obj/thumb_crt0.o
                0x0000000000000001                . = ASSERT (((__rodata_start__ == __rodata_end__) || ((__rodata_end__ >= __FLASH_segment_start__) && (__rodata_end__ <= __FLASH_segment_end__))), error: .rodata is too large to fit in FLASH memory segment)
                0x0000000000001740                __ARM.exidx_load_start__ = ALIGN (__rodata_end__, 0x4)

.ARM.exidx      0x0000000000001740        0x0
                0x0000000000001740                __ARM.exidx_start__ = .
                0x0000000000001740                __exidx_start = __ARM.exidx_start__
 *(.ARM.exidx .ARM.exidx.*)
                0x0000000000001740                __ARM.exidx_end__ = (__ARM.exidx_start__ + SIZEOF (.ARM.exidx))
                0x0000000000000000                __ARM.exidx_size__ = SIZEOF (.ARM.exidx)
                0x0000000000001740                __exidx_end = __ARM.exidx_end__
                0x0000000000001740                __ARM.exidx_load_end__ = __ARM.exidx_end__
                0x0000000000000001                . = ASSERT (((__ARM.exidx_start__ == __ARM.exidx_end__) || ((__ARM.exidx_end__ >= __FLASH_segment_start__) && (__ARM.exidx_end__ <= __FLASH_segment_end__))), error: .ARM.exidx is too large to fit in FLASH memory segment)
                0x0000000000001740                __fast_load_start__ = ALIGN (__ARM.exidx_end__, 0x4)

.fast           0x0000000020000000        0x0 load address 0x0000000000001740
                0x0000000020000000                __fast_start__ = .
 *(.fast .fast.*)
                0x0000000020000000                __fast_end__ = (__fast_start__ + SIZEOF (.fast))
                0x0000000000000000                __fast_size__ = SIZEOF (.fast)
                0x0000000000001740                __fast_load_end__ = (__fast_load_start__ + SIZEOF (.fast))
                0x0000000000000001                . = ASSERT (((__fast_load_start__ == __fast_load_end__) || ((__fast_load_end__ >= __FLASH_segment_start__) && (__fast_load_end__ <= __FLASH_segment_end__))), error: .fast is too large to fit in FLASH memory segment)

.fast_run       0x0000000020000000        0x0
                0x0000000020000000                __fast_run_start__ = .
                0x0000000020000000                . = MAX ((__fast_run_start__ + SIZEOF (.fast)), .)
                0x0000000020000000                __fast_run_end__ = (__fast_run_start__ + SIZEOF (.fast_run))
                0x0000000000000000                __fast_run_size__ = SIZEOF (.fast_run)
                0x0000000020000000                __fast_run_load_end__ = __fast_run_end__
                0x0000000000000001                . = ASSERT (((__fast_run_start__ == __fast_run_end__) || ((__fast_run_end__ >= __SRAM_segment_start__) && (__fast_run_end__ <= __SRAM_segment_end__))), error: .fast_run is too large to fit in SRAM memory segment)
                0x0000000000001740                __data_load_start__ = ALIGN ((__fast_load_start__ + SIZEOF (.fast)), 0x4)

.data           0x0000000020000000        0x4 load address 0x0000000000001740
                0x0000000020000000                __data_start__ = .
 *(.data .data.* .gnu.linkonce.d.*)
 .data.SystemCoreClock
                0x0000000020000000        0x4 Output/blinky_pca10028_s130 nrf51422_xxac/Obj/system_nrf51.o
                0x0000000020000000                SystemCoreClock
                0x0000000020000004                __data_end__ = (__data_start__ + SIZEOF (.data))
                0x0000000000000004                __data_size__ = SIZEOF (.data)
                0x0000000000001744                __data_load_end__ = (__data_load_start__ + SIZEOF (.data))

.igot.plt       0x0000000100000000        0x0
 .igot.plt      0x0000000100000000        0x0 Output/blinky_pca10028_s130 nrf51422_xxac/Obj/thumb_crt0.o
                0x0000000000000001                . = ASSERT (((__data_load_start__ == __data_load_end__) || ((__data_load_end__ >= __FLASH_segment_start__) && (__data_load_end__ <= __FLASH_segment_end__))), error: .data is too large to fit in FLASH memory segment)

.data_run       0x0000000020000000        0x4 load address 0x0000000000001740
                0x0000000020000000                __data_run_start__ = .
                0x0000000020000004                . = MAX ((__data_run_start__ + SIZEOF (.data)), .)
 *fill*         0x0000000020000000        0x4 
                0x0000000020000004                __data_run_end__ = (__data_run_start__ + SIZEOF (.data_run))
                0x0000000000000004                __data_run_size__ = SIZEOF (.data_run)
                0x0000000020000004                __data_run_load_end__ = __data_run_end__
                0x0000000000000001                . = ASSERT (((__data_run_start__ == __data_run_end__) || ((__data_run_end__ >= __SRAM_segment_start__) && (__data_run_end__ <= __SRAM_segment_end__))), error: .data_run is too large to fit in SRAM memory segment)
                0x0000000000001744                __tdata_load_start__ = ALIGN ((__data_load_start__ + SIZEOF (.data)), 0x4)

.tdata          0x0000000020000004        0x0 load address 0x0000000000001744
                0x0000000020000004                __tdata_start__ = .
 *(.tdata .tdata.*)
                0x0000000020000004                __tdata_end__ = (__tdata_start__ + SIZEOF (.tdata))
                0x0000000000000000                __tdata_size__ = SIZEOF (.tdata)
                0x0000000000001744                __tdata_load_end__ = (__tdata_load_start__ + SIZEOF (.tdata))
                0x0000000000000001                . = ASSERT (((__tdata_load_start__ == __tdata_load_end__) || ((__tdata_load_end__ >= __FLASH_segment_start__) && (__tdata_load_end__ <= __FLASH_segment_end__))), error: .tdata is too large to fit in FLASH memory segment)

.tdata_run      0x0000000020000004        0x0
                0x0000000020000004                __tdata_run_start__ = .
                0x0000000020000004                . = MAX ((__tdata_run_start__ + SIZEOF (.tdata)), .)
                0x0000000020000004                __tdata_run_end__ = (__tdata_run_start__ + SIZEOF (.tdata_run))
                0x0000000000000000                __tdata_run_size__ = SIZEOF (.tdata_run)
                0x0000000020000004                __tdata_run_load_end__ = __tdata_run_end__
                0x0000000000000001                . = ASSERT (((__tdata_run_start__ == __tdata_run_end__) || ((__tdata_run_end__ >= __SRAM_segment_start__) && (__tdata_run_end__ <= __SRAM_segment_end__))), error: .tdata_run is too large to fit in SRAM memory segment)
                0x0000000000001744                __fs_data_load_start__ = ALIGN ((__tdata_load_start__ + SIZEOF (.tdata)), 0x4)

.fs_data        0x0000000020000004        0x0 load address 0x0000000000001744
                0x0000000020000004                __fs_data_start__ = .
 *(.fs_data .fs_data.*)
                0x0000000020000004                __fs_data_end__ = (__fs_data_start__ + SIZEOF (.fs_data))
                0x0000000000000000                __fs_data_size__ = SIZEOF (.fs_data)
                0x0000000000001744                __fs_data_load_end__ = (__fs_data_load_start__ + SIZEOF (.fs_data))
                0x0000000000001744                __FLASH_segment_used_end__ = (ALIGN ((__tdata_load_start__ + SIZEOF (.tdata)), 0x4) + SIZEOF (.fs_data))
                0x0000000000001744                __FLASH_segment_used_size__ = (__FLASH_segment_used_end__ - __FLASH_segment_start__)
                0x0000000000000001                . = ASSERT (((__fs_data_load_start__ == __fs_data_load_end__) || ((__fs_data_load_end__ >= __FLASH_segment_start__) && (__fs_data_load_end__ <= __FLASH_segment_end__))), error: .fs_data is too large to fit in FLASH memory segment)

.fs_data_run    0x0000000020000004        0x0
                0x0000000020000004                __fs_data_run_start__ = .
                0x0000000020000004                __start_fs_data = __fs_data_run_start__
                0x0000000020000004                . = MAX ((__fs_data_run_start__ + SIZEOF (.fs_data)), .)
                0x0000000020000004                __fs_data_run_end__ = (__fs_data_run_start__ + SIZEOF (.fs_data_run))
                0x0000000000000000                __fs_data_run_size__ = SIZEOF (.fs_data_run)
                0x0000000020000004                __stop_fs_data = __fs_data_run_end__
                0x0000000020000004                __fs_data_run_load_end__ = __fs_data_run_end__
                0x0000000000000001                . = ASSERT (((__fs_data_run_start__ == __fs_data_run_end__) || ((__fs_data_run_end__ >= __SRAM_segment_start__) && (__fs_data_run_end__ <= __SRAM_segment_end__))), error: .fs_data_run is too large to fit in SRAM memory segment)
                0x0000000020000004                __bss_load_start__ = ALIGN (__fs_data_run_end__, 0x4)

.bss            0x0000000020000004       0x6c
                0x0000000020000004                __bss_start__ = .
 *(.bss .bss.* .gnu.linkonce.b.*)
 .bss.m_clock_cb
                0x0000000020000004       0x14 Output/blinky_pca10028_s130 nrf51422_xxac/Obj/nrf_drv_clock.o
 .bss.m_cb      0x0000000020000018       0x1c Output/blinky_pca10028_s130 nrf51422_xxac/Obj/nrf_drv_uart.o
 .bss.m_op_queue
                0x0000000020000034        0x8 Output/blinky_pca10028_s130 nrf51422_xxac/Obj/app_timer.o
 .bss.mp_timer_id_head
                0x000000002000003c        0x4 Output/blinky_pca10028_s130 nrf51422_xxac/Obj/app_timer.o
 .bss.m_ticks_latest
                0x0000000020000040        0x4 Output/blinky_pca10028_s130 nrf51422_xxac/Obj/app_timer.o
 .bss.m_ticks_elapsed
                0x0000000020000044        0x8 Output/blinky_pca10028_s130 nrf51422_xxac/Obj/app_timer.o
 .bss.m_ticks_elapsed_q_read_ind
                0x000000002000004c        0x1 Output/blinky_pca10028_s130 nrf51422_xxac/Obj/app_timer.o
 .bss.m_ticks_elapsed_q_write_ind
                0x000000002000004d        0x1 Output/blinky_pca10028_s130 nrf51422_xxac/Obj/app_timer.o
 *fill*         0x000000002000004e        0x2 
 .bss.m_evt_schedule_func
                0x0000000020000050        0x4 Output/blinky_pca10028_s130 nrf51422_xxac/Obj/app_timer.o
 .bss.m_rtc1_running
                0x0000000020000054        0x1 Output/blinky_pca10028_s130 nrf51422_xxac/Obj/app_timer.o
 .bss.m_rtc1_reset
                0x0000000020000055        0x1 Output/blinky_pca10028_s130 nrf51422_xxac/Obj/app_timer.o
 *fill*         0x0000000020000056        0x2 
 .bss.m_evt_schedule_func
                0x0000000020000058        0x4 Output/blinky_pca10028_s130 nrf51422_xxac/Obj/softdevice_handler.o
 .bss.m_softdevice_enabled
                0x000000002000005c        0x1 Output/blinky_pca10028_s130 nrf51422_xxac/Obj/softdevice_handler.o
 .bss.m_suspended
                0x000000002000005d        0x1 Output/blinky_pca10028_s130 nrf51422_xxac/Obj/softdevice_handler.o
 *fill*         0x000000002000005e        0x2 
 .bss.mp_ble_evt_buffer
                0x0000000020000060        0x4 Output/blinky_pca10028_s130 nrf51422_xxac/Obj/softdevice_handler.o
 .bss.m_ble_evt_buffer_size
                0x0000000020000064        0x2 Output/blinky_pca10028_s130 nrf51422_xxac/Obj/softdevice_handler.o
 *fill*         0x0000000020000066        0x2 
 .bss.m_ble_evt_handler
                0x0000000020000068        0x4 Output/blinky_pca10028_s130 nrf51422_xxac/Obj/softdevice_handler.o
 .bss.m_sys_evt_handler
                0x000000002000006c        0x4 Output/blinky_pca10028_s130 nrf51422_xxac/Obj/softdevice_handler.o
 *(COMMON)
                0x0000000020000070                __bss_end__ = (__bss_start__ + SIZEOF (.bss))
                0x000000000000006c                __bss_size__ = SIZEOF (.bss)
                0x0000000020000070                __bss_load_end__ = __bss_end__
                0x0000000000000001                . = ASSERT (((__bss_start__ == __bss_end__) || ((__bss_end__ >= __SRAM_segment_start__) && (__bss_end__ <= __SRAM_segment_end__))), error: .bss is too large to fit in SRAM memory segment)
                0x0000000020000070                __tbss_load_start__ = ALIGN (__bss_end__, 0x4)

.tbss           0x0000000020000070        0x0
                0x0000000020000070                __tbss_start__ = .
 *(.tbss .tbss.*)
                0x0000000020000070                __tbss_end__ = (__tbss_start__ + SIZEOF (.tbss))
                0x0000000000000000                __tbss_size__ = SIZEOF (.tbss)
                0x0000000020000070                __tbss_load_end__ = __tbss_end__
                0x0000000000000001                . = ASSERT (((__tbss_start__ == __tbss_end__) || ((__tbss_end__ >= __SRAM_segment_start__) && (__tbss_end__ <= __SRAM_segment_end__))), error: .tbss is too large to fit in SRAM memory segment)
                0x0000000020000070                __non_init_load_start__ = ALIGN (__tbss_end__, 0x4)

.non_init       0x0000000020000070        0x0
                0x0000000020000070                __non_init_start__ = .
 *(.non_init .non_init.*)
                0x0000000020000070                __non_init_end__ = (__non_init_start__ + SIZEOF (.non_init))
                0x0000000000000000                __non_init_size__ = SIZEOF (.non_init)
                0x0000000020000070                __non_init_load_end__ = __non_init_end__
                0x0000000000000001                . = ASSERT (((__non_init_start__ == __non_init_end__) || ((__non_init_end__ >= __SRAM_segment_start__) && (__non_init_end__ <= __SRAM_segment_end__))), error: .non_init is too large to fit in SRAM memory segment)
                0x0000000020000070                __heap_load_start__ = ALIGN (__non_init_end__, 0x4)

.heap           0x0000000020000070      0x400
                0x0000000020000070                __heap_start__ = .
 *(.heap .heap.*)
                0x0000000020000470                . = ALIGN (MAX ((__heap_start__ + __HEAPSIZE__), .), 0x4)
 *fill*         0x0000000020000070      0x400 
                0x0000000020000470                __heap_end__ = (__heap_start__ + SIZEOF (.heap))
                0x0000000000000400                __heap_size__ = SIZEOF (.heap)
                0x0000000020000470                __heap_load_end__ = __heap_end__
                0x0000000000000001                . = ASSERT (((__heap_start__ == __heap_end__) || ((__heap_end__ >= __SRAM_segment_start__) && (__heap_end__ <= __SRAM_segment_end__))), error: .heap is too large to fit in SRAM memory segment)
                0x0000000020007c00                __stack_load_start__ = (__SRAM_segment_end__ - 0x400)

.stack          0x0000000020007c00      0x400
                0x0000000020007c00                __stack_start__ = .
 *(.stack .stack.*)
                0x0000000020008000                . = ALIGN (MAX ((__stack_start__ + __STACKSIZE__), .), 0x8)
 *fill*         0x0000000020007c00      0x400 
                0x0000000020008000                __stack_end__ = (__stack_start__ + SIZEOF (.stack))
                0x0000000000000400                __stack_size__ = SIZEOF (.stack)
                0x0000000020008000                __stack_load_end__ = __stack_end__
                0x0000000000000001                . = ASSERT (((__stack_start__ == __stack_end__) || ((__stack_end__ >= __SRAM_segment_start__) && (__stack_end__ <= __SRAM_segment_end__))), error: .stack is too large to fit in SRAM memory segment)
                0x0000000000000001                . = ASSERT ((__heap_end__ <= __stack_start__), error: section .heap overlaps absolute placed section .stack)
                0x0000000020008000                __stack_process_load_start__ = ALIGN (__stack_end__, 0x8)

.stack_process  0x0000000020008000        0x0
                0x0000000020008000                __stack_process_start__ = .
 *(.stack_process .stack_process.*)
                0x0000000020008000                . = ALIGN (MAX ((__stack_process_start__ + __STACKSIZE_PROCESS__), .), 0x8)
                0x0000000020008000                __stack_process_end__ = (__stack_process_start__ + SIZEOF (.stack_process))
                0x0000000000000000                __stack_process_size__ = SIZEOF (.stack_process)
                0x0000000020008000                __stack_process_load_end__ = __stack_process_end__
                0x0000000020008000                __SRAM_segment_used_end__ = (ALIGN (__stack_end__, 0x8) + SIZEOF (.stack_process))
                0x0000000000008000                __SRAM_segment_used_size__ = (__SRAM_segment_used_end__ - __SRAM_segment_start__)
                0x0000000000000001                . = ASSERT (((__stack_process_start__ == __stack_process_end__) || ((__stack_process_end__ >= __SRAM_segment_start__) && (__stack_process_end__ <= __SRAM_segment_end__))), error: .stack_process is too large to fit in SRAM memory segment)
START GROUP
LOAD Output/blinky_pca10028_s130 nrf51422_xxac/Obj/thumb_crt0.o
LOAD Output/blinky_pca10028_s130 nrf51422_xxac/Obj/system_nrf51.o
LOAD Output/blinky_pca10028_s130 nrf51422_xxac/Obj/3324.ses_nrf51_startup.o
LOAD Output/blinky_pca10028_s130 nrf51422_xxac/Obj/main.o
LOAD Output/blinky_pca10028_s130 nrf51422_xxac/Obj/boards.o
LOAD Output/blinky_pca10028_s130 nrf51422_xxac/Obj/nrf_drv_clock.o
LOAD Output/blinky_pca10028_s130 nrf51422_xxac/Obj/nrf_drv_common.o
LOAD Output/blinky_pca10028_s130 nrf51422_xxac/Obj/nrf_drv_uart.o
LOAD Output/blinky_pca10028_s130 nrf51422_xxac/Obj/app_error.o
LOAD Output/blinky_pca10028_s130 nrf51422_xxac/Obj/app_error_weak.o
LOAD Output/blinky_pca10028_s130 nrf51422_xxac/Obj/app_timer.o
LOAD Output/blinky_pca10028_s130 nrf51422_xxac/Obj/app_util_platform.o
LOAD Output/blinky_pca10028_s130 nrf51422_xxac/Obj/hardfault_implementation.o
LOAD Output/blinky_pca10028_s130 nrf51422_xxac/Obj/nrf_assert.o
LOAD Output/blinky_pca10028_s130 nrf51422_xxac/Obj/sdk_errors.o
LOAD Output/blinky_pca10028_s130 nrf51422_xxac/Obj/nrf_log_backend_serial.o
LOAD Output/blinky_pca10028_s130 nrf51422_xxac/Obj/nrf_log_frontend.o
LOAD Output/blinky_pca10028_s130 nrf51422_xxac/Obj/RTT_Syscalls_KEIL.o
LOAD Output/blinky_pca10028_s130 nrf51422_xxac/Obj/SEGGER_RTT.o
LOAD Output/blinky_pca10028_s130 nrf51422_xxac/Obj/SEGGER_RTT_printf.o
LOAD Output/blinky_pca10028_s130 nrf51422_xxac/Obj/softdevice_handler.o
LOAD /usr/share/segger_embedded_studio_for_arm_3.34a/lib/libdebugio_mempoll_v6m_t_le_eabi.a
LOAD /usr/share/segger_embedded_studio_for_arm_3.34a/lib/libm_v6m_t_le_eabi.a
LOAD /usr/share/segger_embedded_studio_for_arm_3.34a/lib/libc_v6m_t_le_eabi.a
LOAD /usr/share/segger_embedded_studio_for_arm_3.34a/lib/libcpp_v6m_t_le_eabi.a
LOAD /usr/share/segger_embedded_studio_for_arm_3.34a/lib/libdebugio_v6m_t_le_eabi.a
LOAD /usr/share/segger_embedded_studio_for_arm_3.34a/lib/libvfprintf_v6m_t_le_eabi.o
LOAD /usr/share/segger_embedded_studio_for_arm_3.34a/lib/libvfscanf_v6m_t_le_eabi.o
END GROUP
OUTPUT(Output/nrf51422_xxac/Exe/blinky_pca10028_s130.elf elf32-littlearm)

.ARM.attributes
                0x0000000000000000       0x2d
 .ARM.attributes
                0x0000000000000000       0x21 Output/blinky_pca10028_s130 nrf51422_xxac/Obj/thumb_crt0.o
 .ARM.attributes
                0x0000000000000021       0x31 Output/blinky_pca10028_s130 nrf51422_xxac/Obj/system_nrf51.o
 .ARM.attributes
                0x0000000000000052       0x21 Output/blinky_pca10028_s130 nrf51422_xxac/Obj/3324.ses_nrf51_startup.o
 .ARM.attributes
                0x0000000000000073       0x31 Output/blinky_pca10028_s130 nrf51422_xxac/Obj/main.o
 .ARM.attributes
                0x00000000000000a4       0x31 Output/blinky_pca10028_s130 nrf51422_xxac/Obj/boards.o
 .ARM.attributes
                0x00000000000000d5       0x31 Output/blinky_pca10028_s130 nrf51422_xxac/Obj/nrf_drv_clock.o
 .ARM.attributes
                0x0000000000000106       0x31 Output/blinky_pca10028_s130 nrf51422_xxac/Obj/nrf_drv_uart.o
 .ARM.attributes
                0x0000000000000137       0x31 Output/blinky_pca10028_s130 nrf51422_xxac/Obj/app_error.o
 .ARM.attributes
                0x0000000000000168       0x31 Output/blinky_pca10028_s130 nrf51422_xxac/Obj/app_error_weak.o
 .ARM.attributes
                0x0000000000000199       0x31 Output/blinky_pca10028_s130 nrf51422_xxac/Obj/app_timer.o
 .ARM.attributes
                0x00000000000001ca       0x31 Output/blinky_pca10028_s130 nrf51422_xxac/Obj/softdevice_handler.o

.comment        0x0000000000000000       0x4c
 .comment       0x0000000000000000       0x4c Output/blinky_pca10028_s130 nrf51422_xxac/Obj/system_nrf51.o
                                         0x4d (size before relaxing)
 .comment       0x000000000000004c       0x4d Output/blinky_pca10028_s130 nrf51422_xxac/Obj/main.o
 .comment       0x000000000000004c       0x4d Output/blinky_pca10028_s130 nrf51422_xxac/Obj/boards.o
 .comment       0x000000000000004c       0x4d Output/blinky_pca10028_s130 nrf51422_xxac/Obj/nrf_drv_clock.o
 .comment       0x000000000000004c       0x4d Output/blinky_pca10028_s130 nrf51422_xxac/Obj/nrf_drv_uart.o
 .comment       0x000000000000004c       0x4d Output/blinky_pca10028_s130 nrf51422_xxac/Obj/app_error.o
 .comment       0x000000000000004c       0x4d Output/blinky_pca10028_s130 nrf51422_xxac/Obj/app_error_weak.o
 .comment       0x000000000000004c       0x4d Output/blinky_pca10028_s130 nrf51422_xxac/Obj/app_timer.o
 .comment       0x000000000000004c       0x4d Output/blinky_pca10028_s130 nrf51422_xxac/Obj/softdevice_handler.o

.debug_line     0x0000000000000000     0x41b5
 .debug_line    0x0000000000000000      0x2b4 Output/blinky_pca10028_s130 nrf51422_xxac/Obj/thumb_crt0.o
 .debug_line    0x00000000000002b4      0x1cc Output/blinky_pca10028_s130 nrf51422_xxac/Obj/system_nrf51.o
 .debug_line    0x0000000000000480       0xc3 Output/blinky_pca10028_s130 nrf51422_xxac/Obj/3324.ses_nrf51_startup.o
 .debug_line    0x0000000000000543      0x191 Output/blinky_pca10028_s130 nrf51422_xxac/Obj/main.o
 .debug_line    0x00000000000006d4      0x3dd Output/blinky_pca10028_s130 nrf51422_xxac/Obj/boards.o
 .debug_line    0x0000000000000ab1      0xec1 Output/blinky_pca10028_s130 nrf51422_xxac/Obj/nrf_drv_clock.o
 .debug_line    0x0000000000001972      0xbbb Output/blinky_pca10028_s130 nrf51422_xxac/Obj/nrf_drv_uart.o
 .debug_line    0x000000000000252d      0x21e Output/blinky_pca10028_s130 nrf51422_xxac/Obj/app_error.o
 .debug_line    0x000000000000274b      0x1f3 Output/blinky_pca10028_s130 nrf51422_xxac/Obj/app_error_weak.o
 .debug_line    0x000000000000293e      0xa22 Output/blinky_pca10028_s130 nrf51422_xxac/Obj/app_timer.o
 .debug_line    0x0000000000003360      0xe55 Output/blinky_pca10028_s130 nrf51422_xxac/Obj/softdevice_handler.o

.debug_info     0x0000000000000000     0xfe7f
 .debug_info    0x0000000000000000       0xc3 Output/blinky_pca10028_s130 nrf51422_xxac/Obj/thumb_crt0.o
 .debug_info    0x00000000000000c3      0x1b5 Output/blinky_pca10028_s130 nrf51422_xxac/Obj/system_nrf51.o
 .debug_info    0x0000000000000278       0xe5 Output/blinky_pca10028_s130 nrf51422_xxac/Obj/3324.ses_nrf51_startup.o
 .debug_info    0x000000000000035d      0x64c Output/blinky_pca10028_s130 nrf51422_xxac/Obj/main.o
 .debug_info    0x00000000000009a9      0xd5a Output/blinky_pca10028_s130 nrf51422_xxac/Obj/boards.o
 .debug_info    0x0000000000001703     0x3fea Output/blinky_pca10028_s130 nrf51422_xxac/Obj/nrf_drv_clock.o
 .debug_info    0x00000000000056ed     0x299d Output/blinky_pca10028_s130 nrf51422_xxac/Obj/nrf_drv_uart.o
 .debug_info    0x000000000000808a      0x7fb Output/blinky_pca10028_s130 nrf51422_xxac/Obj/app_error.o
 .debug_info    0x0000000000008885      0x723 Output/blinky_pca10028_s130 nrf51422_xxac/Obj/app_error_weak.o
 .debug_info    0x0000000000008fa8     0x2225 Output/blinky_pca10028_s130 nrf51422_xxac/Obj/app_timer.o
 .debug_info    0x000000000000b1cd     0x4cb2 Output/blinky_pca10028_s130 nrf51422_xxac/Obj/softdevice_handler.o

.debug_abbrev   0x0000000000000000     0x17ed
 .debug_abbrev  0x0000000000000000       0x12 Output/blinky_pca10028_s130 nrf51422_xxac/Obj/thumb_crt0.o
 .debug_abbrev  0x0000000000000012      0x101 Output/blinky_pca10028_s130 nrf51422_xxac/Obj/system_nrf51.o
 .debug_abbrev  0x0000000000000113       0x14 Output/blinky_pca10028_s130 nrf51422_xxac/Obj/3324.ses_nrf51_startup.o
 .debug_abbrev  0x0000000000000127      0x174 Output/blinky_pca10028_s130 nrf51422_xxac/Obj/main.o
 .debug_abbrev  0x000000000000029b      0x266 Output/blinky_pca10028_s130 nrf51422_xxac/Obj/boards.o
 .debug_abbrev  0x0000000000000501      0x47a Output/blinky_pca10028_s130 nrf51422_xxac/Obj/nrf_drv_clock.o
 .debug_abbrev  0x000000000000097b      0x388 Output/blinky_pca10028_s130 nrf51422_xxac/Obj/nrf_drv_uart.o
 .debug_abbrev  0x0000000000000d03      0x189 Output/blinky_pca10028_s130 nrf51422_xxac/Obj/app_error.o
 .debug_abbrev  0x0000000000000e8c      0x185 Output/blinky_pca10028_s130 nrf51422_xxac/Obj/app_error_weak.o
 .debug_abbrev  0x0000000000001011      0x3c3 Output/blinky_pca10028_s130 nrf51422_xxac/Obj/app_timer.o
 .debug_abbrev  0x00000000000013d4      0x419 Output/blinky_pca10028_s130 nrf51422_xxac/Obj/softdevice_handler.o

.debug_aranges  0x0000000000000000     0x1188
 .debug_aranges
                0x0000000000000000       0xe0 Output/blinky_pca10028_s130 nrf51422_xxac/Obj/thumb_crt0.o
 .debug_aranges
                0x00000000000000e0       0x40 Output/blinky_pca10028_s130 nrf51422_xxac/Obj/system_nrf51.o
 .debug_aranges
                0x0000000000000120       0x20 Output/blinky_pca10028_s130 nrf51422_xxac/Obj/3324.ses_nrf51_startup.o
 .debug_aranges
                0x0000000000000140       0x30 Output/blinky_pca10028_s130 nrf51422_xxac/Obj/main.o
 .debug_aranges
                0x0000000000000170       0xf0 Output/blinky_pca10028_s130 nrf51422_xxac/Obj/boards.o
 .debug_aranges
                0x0000000000000260      0x4a8 Output/blinky_pca10028_s130 nrf51422_xxac/Obj/nrf_drv_clock.o
 .debug_aranges
                0x0000000000000708      0x328 Output/blinky_pca10028_s130 nrf51422_xxac/Obj/nrf_drv_uart.o
 .debug_aranges
                0x0000000000000a30       0x30 Output/blinky_pca10028_s130 nrf51422_xxac/Obj/app_error.o
 .debug_aranges
                0x0000000000000a60       0x28 Output/blinky_pca10028_s130 nrf51422_xxac/Obj/app_error_weak.o
 .debug_aranges
                0x0000000000000a88      0x298 Output/blinky_pca10028_s130 nrf51422_xxac/Obj/app_timer.o
 .debug_aranges
                0x0000000000000d20      0x468 Output/blinky_pca10028_s130 nrf51422_xxac/Obj/softdevice_handler.o

.debug_ranges   0x0000000000000000     0x1130
 .debug_ranges  0x0000000000000000       0xd8 Output/blinky_pca10028_s130 nrf51422_xxac/Obj/thumb_crt0.o
 .debug_ranges  0x00000000000000d8       0x30 Output/blinky_pca10028_s130 nrf51422_xxac/Obj/system_nrf51.o
 .debug_ranges  0x0000000000000108       0x20 Output/blinky_pca10028_s130 nrf51422_xxac/Obj/main.o
 .debug_ranges  0x0000000000000128       0xe0 Output/blinky_pca10028_s130 nrf51422_xxac/Obj/boards.o
 .debug_ranges  0x0000000000000208      0x4b0 Output/blinky_pca10028_s130 nrf51422_xxac/Obj/nrf_drv_clock.o
 .debug_ranges  0x00000000000006b8      0x318 Output/blinky_pca10028_s130 nrf51422_xxac/Obj/nrf_drv_uart.o
 .debug_ranges  0x00000000000009d0       0x20 Output/blinky_pca10028_s130 nrf51422_xxac/Obj/app_error.o
 .debug_ranges  0x00000000000009f0       0x18 Output/blinky_pca10028_s130 nrf51422_xxac/Obj/app_error_weak.o
 .debug_ranges  0x0000000000000a08      0x288 Output/blinky_pca10028_s130 nrf51422_xxac/Obj/app_timer.o
 .debug_ranges  0x0000000000000c90      0x4a0 Output/blinky_pca10028_s130 nrf51422_xxac/Obj/softdevice_handler.o

.debug_frame    0x0000000000000000     0x28d8
 .debug_frame   0x0000000000000000       0x6c Output/blinky_pca10028_s130 nrf51422_xxac/Obj/system_nrf51.o
 .debug_frame   0x000000000000006c       0x68 Output/blinky_pca10028_s130 nrf51422_xxac/Obj/main.o
 .debug_frame   0x00000000000000d4      0x32c Output/blinky_pca10028_s130 nrf51422_xxac/Obj/boards.o
 .debug_frame   0x0000000000000400      0xa94 Output/blinky_pca10028_s130 nrf51422_xxac/Obj/nrf_drv_clock.o
 .debug_frame   0x0000000000000e94      0x8fc Output/blinky_pca10028_s130 nrf51422_xxac/Obj/nrf_drv_uart.o
 .debug_frame   0x0000000000001790       0x68 Output/blinky_pca10028_s130 nrf51422_xxac/Obj/app_error.o
 .debug_frame   0x00000000000017f8       0x40 Output/blinky_pca10028_s130 nrf51422_xxac/Obj/app_error_weak.o
 .debug_frame   0x0000000000001838      0x6d4 Output/blinky_pca10028_s130 nrf51422_xxac/Obj/app_timer.o
 .debug_frame   0x0000000000001f0c      0x9cc Output/blinky_pca10028_s130 nrf51422_xxac/Obj/softdevice_handler.o

.debug_pubnames
                0x0000000000000000     0x6c49
 .debug_pubnames
                0x0000000000000000       0xbb Output/blinky_pca10028_s130 nrf51422_xxac/Obj/system_nrf51.o
 .debug_pubnames
                0x00000000000000bb       0x3d Output/blinky_pca10028_s130 nrf51422_xxac/Obj/main.o
 .debug_pubnames
                0x00000000000000f8      0x4aa Output/blinky_pca10028_s130 nrf51422_xxac/Obj/boards.o
 .debug_pubnames
                0x00000000000005a2     0x2295 Output/blinky_pca10028_s130 nrf51422_xxac/Obj/nrf_drv_clock.o
 .debug_pubnames
                0x0000000000002837     0x12cf Output/blinky_pca10028_s130 nrf51422_xxac/Obj/nrf_drv_uart.o
 .debug_pubnames
                0x0000000000003b06       0x82 Output/blinky_pca10028_s130 nrf51422_xxac/Obj/app_error.o
 .debug_pubnames
                0x0000000000003b88       0x57 Output/blinky_pca10028_s130 nrf51422_xxac/Obj/app_error_weak.o
 .debug_pubnames
                0x0000000000003bdf     0x1154 Output/blinky_pca10028_s130 nrf51422_xxac/Obj/app_timer.o
 .debug_pubnames
                0x0000000000004d33     0x1f16 Output/blinky_pca10028_s130 nrf51422_xxac/Obj/softdevice_handler.o

.debug_pubtypes
                0x0000000000000000     0x2c5a
 .debug_pubtypes
                0x0000000000000000       0xd4 Output/blinky_pca10028_s130 nrf51422_xxac/Obj/system_nrf51.o
 .debug_pubtypes
                0x00000000000000d4      0x18e Output/blinky_pca10028_s130 nrf51422_xxac/Obj/main.o
 .debug_pubtypes
                0x0000000000000262      0x23d Output/blinky_pca10028_s130 nrf51422_xxac/Obj/boards.o
 .debug_pubtypes
                0x000000000000049f      0xaae Output/blinky_pca10028_s130 nrf51422_xxac/Obj/nrf_drv_clock.o
 .debug_pubtypes
                0x0000000000000f4d      0x533 Output/blinky_pca10028_s130 nrf51422_xxac/Obj/nrf_drv_uart.o
 .debug_pubtypes
                0x0000000000001480      0x1e3 Output/blinky_pca10028_s130 nrf51422_xxac/Obj/app_error.o
 .debug_pubtypes
                0x0000000000001663      0x1a5 Output/blinky_pca10028_s130 nrf51422_xxac/Obj/app_error_weak.o
 .debug_pubtypes
                0x0000000000001808      0x441 Output/blinky_pca10028_s130 nrf51422_xxac/Obj/app_timer.o
 .debug_pubtypes
                0x0000000000001c49     0x1011 Output/blinky_pca10028_s130 nrf51422_xxac/Obj/softdevice_handler.o

.debug_str      0x0000000000000000     0x602d
 .debug_str     0x0000000000000000      0x32a Output/blinky_pca10028_s130 nrf51422_xxac/Obj/system_nrf51.o
                                        0x343 (size before relaxing)
 .debug_str     0x000000000000032a      0x472 Output/blinky_pca10028_s130 nrf51422_xxac/Obj/main.o
                                        0x777 (size before relaxing)
 .debug_str     0x000000000000079c      0x515 Output/blinky_pca10028_s130 nrf51422_xxac/Obj/boards.o
                                        0xc43 (size before relaxing)
 .debug_str     0x0000000000000cb1     0x3242 Output/blinky_pca10028_s130 nrf51422_xxac/Obj/nrf_drv_clock.o
                                       0x3ac6 (size before relaxing)
 .debug_str     0x0000000000003ef3      0xb83 Output/blinky_pca10028_s130 nrf51422_xxac/Obj/nrf_drv_uart.o
                                       0x238c (size before relaxing)
 .debug_str     0x0000000000004a76      0x117 Output/blinky_pca10028_s130 nrf51422_xxac/Obj/app_error.o
                                        0x857 (size before relaxing)
 .debug_str     0x0000000000004b8d       0xa4 Output/blinky_pca10028_s130 nrf51422_xxac/Obj/app_error_weak.o
                                        0x7c8 (size before relaxing)
 .debug_str     0x0000000000004c31      0x858 Output/blinky_pca10028_s130 nrf51422_xxac/Obj/app_timer.o
                                       0x1def (size before relaxing)
 .debug_str     0x0000000000005489      0xba4 Output/blinky_pca10028_s130 nrf51422_xxac/Obj/softdevice_handler.o
                                       0x3f6f (size before relaxing)
